                                      1 ;--------------------------------------------------------
                                      2 ; File Created by SDCC : free open source ISO C Compiler 
                                      3 ; Version 4.2.14 #0 (Linux)
                                      4 ;--------------------------------------------------------
                                      5 	.module __ltoa
                                      6 	.optsdcc -mds390 --model-flat24
                                      7 	
                                      8 ;--------------------------------------------------------
                                      9 ; CPU specific extensions
                                     10 ;--------------------------------------------------------
                                     11 	.DS80C390
                                     12 	.amode	2	; 24 bit flat addressing
                           000082    13 dpl	=	0x82
                           000083    14 dph	=	0x83
                           000084    15 dpl1	=	0x84
                           000085    16 dph1	=	0x85
                           000086    17 dps	=	0x86
                           000093    18 dpx	=	0x93
                           000095    19 dpx1	=	0x95
                           00009B    20 esp	=	0x9B
                           00009C    21 ap	=	0x9C
                           00009C    22 acc1	=	0x9C
                           0000D1    23 mcnt0	=	0xD1
                           0000D2    24 mcnt1	=	0xD2
                           0000D3    25 ma	=	0xD3
                           0000D4    26 mb	=	0xD4
                           0000D5    27 mc	=	0xD5
                           00009D    28 acon	=	0x9D
                           0000C6    29 mcon	=	0xC6
                           0000D1    30 F1	=	0xD1	; user flag
                                     31 ;--------------------------------------------------------
                                     32 ; Public variables in this module
                                     33 ;--------------------------------------------------------
                                     34 	.globl ___ltoa_PARM_3
                                     35 	.globl ___ltoa_PARM_2
                                     36 	.globl ___ultoa_PARM_3
                                     37 	.globl ___ultoa_PARM_2
                                     38 	.globl ___ultoa
                                     39 	.globl ___ltoa
                                     40 ;--------------------------------------------------------
                                     41 ; special function registers
                                     42 ;--------------------------------------------------------
                                     43 ;--------------------------------------------------------
                                     44 ; special function bits
                                     45 ;--------------------------------------------------------
                                     46 ;--------------------------------------------------------
                                     47 ; overlayable register banks
                                     48 ;--------------------------------------------------------
                                     49 	.area REG_BANK_0	(REL,OVR,DATA)
      000000                         50 	.ds 8
                                     51 ;--------------------------------------------------------
                                     52 ; internal ram data
                                     53 ;--------------------------------------------------------
                                     54 	.area DSEG    (DATA)
                                     55 ;--------------------------------------------------------
                                     56 ; overlayable items in internal ram
                                     57 ;--------------------------------------------------------
                                     58 ;--------------------------------------------------------
                                     59 ; indirectly addressable internal ram data
                                     60 ;--------------------------------------------------------
                                     61 	.area ISEG    (DATA)
                                     62 ;--------------------------------------------------------
                                     63 ; absolute internal ram data
                                     64 ;--------------------------------------------------------
                                     65 	.area IABS    (ABS,DATA)
                                     66 	.area IABS    (ABS,DATA)
                                     67 ;--------------------------------------------------------
                                     68 ; bit data
                                     69 ;--------------------------------------------------------
                                     70 	.area BSEG    (BIT)
                                     71 ;--------------------------------------------------------
                                     72 ; paged external ram data
                                     73 ;--------------------------------------------------------
                                     74 	.area PSEG    (PAG,XDATA)
                                     75 ;--------------------------------------------------------
                                     76 ; uninitialized external ram data
                                     77 ;--------------------------------------------------------
                                     78 	.area XSEG    (XDATA)
      000000                         79 ___ultoa_PARM_2:
      000000                         80 	.ds 4
      000004                         81 ___ultoa_PARM_3:
      000004                         82 	.ds 1
      000005                         83 ___ultoa_buffer_65536_37:
      000005                         84 	.ds 32
      000025                         85 ___ultoa_sloc0_1_0:
      000025                         86 	.ds 4
      000029                         87 ___ultoa_sloc1_1_0:
      000029                         88 	.ds 1
      00002A                         89 ___ltoa_PARM_2:
      00002A                         90 	.ds 4
      00002E                         91 ___ltoa_PARM_3:
      00002E                         92 	.ds 1
                                     93 ;--------------------------------------------------------
                                     94 ; absolute external ram data
                                     95 ;--------------------------------------------------------
                                     96 	.area XABS    (ABS,XDATA)
                                     97 ;--------------------------------------------------------
                                     98 ; initialized external ram data
                                     99 ;--------------------------------------------------------
                                    100 	.area XISEG   (XDATA)
                                    101 ;--------------------------------------------------------
                                    102 ; global & static initialisations
                                    103 ;--------------------------------------------------------
                                    104 	.area HOME    (CODE)
                                    105 	.area GSINIT  (CODE)
                                    106 	.area GSFINAL (CODE)
                                    107 	.area GSINIT  (CODE)
                                    108 ;--------------------------------------------------------
                                    109 ; Home
                                    110 ;--------------------------------------------------------
                                    111 	.area HOME    (CODE)
                                    112 	.area HOME    (CODE)
                                    113 ;--------------------------------------------------------
                                    114 ; code
                                    115 ;--------------------------------------------------------
                                    116 	.area CSEG    (CODE)
                                    117 ;------------------------------------------------------------
                                    118 ;Allocation info for local variables in function '__ultoa'
                                    119 ;------------------------------------------------------------
                                    120 ;string                    Allocated with name '___ultoa_PARM_2'
                                    121 ;radix                     Allocated with name '___ultoa_PARM_3'
                                    122 ;value                     Allocated to registers r2 r3 r4 r5 
                                    123 ;buffer                    Allocated with name '___ultoa_buffer_65536_37'
                                    124 ;index                     Allocated to registers 
                                    125 ;c                         Allocated to registers r6 
                                    126 ;sloc0                     Allocated with name '___ultoa_sloc0_1_0'
                                    127 ;sloc1                     Allocated with name '___ultoa_sloc1_1_0'
                                    128 ;------------------------------------------------------------
                                    129 ;	__ltoa.c:58: void __ultoa(unsigned long value, char* string, unsigned char radix)
                                    130 ;	-----------------------------------------
                                    131 ;	 function __ultoa
                                    132 ;	-----------------------------------------
      000000                        133 ___ultoa:
                           000002   134 	ar2 = 0x02
                           000003   135 	ar3 = 0x03
                           000004   136 	ar4 = 0x04
                           000005   137 	ar5 = 0x05
                           000006   138 	ar6 = 0x06
                           000007   139 	ar7 = 0x07
                           000000   140 	ar0 = 0x00
                           000001   141 	ar1 = 0x01
      000000 AA 82            [ 8]  142 	mov	r2,dpl
      000002 AB 83            [ 8]  143 	mov	r3,dph
      000004 AC 93            [ 8]  144 	mov	r4,dpx
      000006 AD F0            [ 8]  145 	mov	r5,b
                                    146 ;	__ltoa.c:63: do {
                                    147 ;	genAssign: resultIsFar = TRUE
      000008 90s00r00r29      [12]  148 	mov	dptr,#___ultoa_sloc1_1_0
      00000C 74 20            [ 8]  149 	mov	a,#0x20
      00000E F0               [ 8]  150 	movx	@dptr,a
      00000F                        151 00103$:
                                    152 ;	__ltoa.c:64: unsigned char c = '0' + (value % radix);
      00000F 90s00r00r04      [12]  153 	mov	dptr,#___ultoa_PARM_3
      000013 75 86 01         [12]  154 	mov	dps, #1
      000016 90s00r00r25      [12]  155 	mov	dptr, #___ultoa_sloc0_1_0
      00001A 15 86            [ 8]  156 	dec	dps
      00001C E0               [ 8]  157 	movx	a,@dptr
      00001D 05 86            [ 8]  158 	inc	dps
      00001F F0               [ 8]  159 	movx	@dptr,a
      000020 75 86 01         [12]  160 	mov     dps, #1
      000023 A3               [12]  161 	inc	dptr
      000024 E4               [ 4]  162 	clr	a
      000025 F0               [ 8]  163 	movx	@dptr,a
      000026 75 86 01         [12]  164 	mov     dps, #1
      000029 A3               [12]  165 	inc	dptr
      00002A E4               [ 4]  166 	clr	a
      00002B F0               [ 8]  167 	movx	@dptr,a
      00002C 75 86 01         [12]  168 	mov     dps, #1
      00002F A3               [12]  169 	inc	dptr
      000030 E4               [ 4]  170 	clr	a
      000031 F0               [ 8]  171 	movx	@dptr,a
      000032 75 86 00         [12]  172 	mov	dps,#0
      000035 90s00r00r25      [12]  173 	mov	dptr,#___ultoa_sloc0_1_0
                                    174 ;	genAssign: resultIsFar = TRUE
      000039 75 86 21         [12]  175 	mov	dps,#0x21
      00003C 90s00r00r00      [12]  176 	mov	dptr,#__modulong_PARM_2
      000040 E0               [ 8]  177 	movx	a,@dptr
      000041 F0               [ 8]  178 	movx	@dptr,a
      000042 A3               [12]  179 	inc	dptr
      000043 A3               [12]  180 	inc	dptr
      000044 E0               [ 8]  181 	movx	a,@dptr
      000045 F0               [ 8]  182 	movx	@dptr,a
      000046 A3               [12]  183 	inc	dptr
      000047 A3               [12]  184 	inc	dptr
      000048 E0               [ 8]  185 	movx	a,@dptr
      000049 F0               [ 8]  186 	movx	@dptr,a
      00004A A3               [12]  187 	inc	dptr
      00004B A3               [12]  188 	inc	dptr
      00004C E0               [ 8]  189 	movx	a,@dptr
      00004D F0               [ 8]  190 	movx	@dptr,a
      00004E 75 86 00         [12]  191 	mov	dps,#0
      000051 C0 02            [ 8]  192 	push	ar2
      000053 C0 03            [ 8]  193 	push	ar3
      000055 C0 04            [ 8]  194 	push	ar4
      000057 C0 05            [ 8]  195 	push	ar5
      000059 8A 82            [ 8]  196 	mov	dpl,r2
      00005B 8B 83            [ 8]  197 	mov	dph,r3
      00005D 8C 93            [ 8]  198 	mov	dpx,r4
      00005F 8D F0            [ 8]  199 	mov	b,r5
      000061 12s00r00r00      [16]  200 	lcall	__modulong
      000065 AF 82            [ 8]  201 	mov	r7,dpl
      000067 A8 83            [ 8]  202 	mov	r0,dph
      000069 A9 93            [ 8]  203 	mov	r1,dpx
      00006B AE F0            [ 8]  204 	mov	r6,b
      00006D D0 05            [ 8]  205 	pop	ar5
      00006F D0 04            [ 8]  206 	pop	ar4
      000071 D0 03            [ 8]  207 	pop	ar3
      000073 D0 02            [ 8]  208 	pop	ar2
      000075 74 30            [ 8]  209 	mov	a,#0x30
      000077 2F               [ 4]  210 	add	a,r7
      000078 FE               [ 4]  211 	mov	r6,a
                                    212 ;	__ltoa.c:65: if (c > (unsigned char)'9')
      000079 C3               [ 4]  213 	clr	c
      00007A 74 39            [ 8]  214 	mov	a,#0x39
      00007C 9E               [ 4]  215 	subb	a,r6
      00007D 50 06            [12]  216 	jnc  00102$
      00007F                        217 00132$:
                                    218 ;	__ltoa.c:66: c += 'A' - '9' - 1;
      00007F 8E 07            [ 8]  219 	mov	ar7,r6
      000081 74 07            [ 8]  220 	mov	a,#0x07
      000083 2F               [ 4]  221 	add	a,r7
      000084 FE               [ 4]  222 	mov	r6,a
      000085                        223 00102$:
                                    224 ;	__ltoa.c:67: buffer[--index] = c;
      000085 90s00r00r29      [12]  225 	mov	dptr,#___ultoa_sloc1_1_0
      000089 E0               [ 8]  226 	movx	a,@dptr
      00008A 14               [ 4]  227 	dec	a
      00008B F0               [ 8]  228 	movx	@dptr,a
      00008C 90s00r00r29      [12]  229 	mov	dptr,#___ultoa_sloc1_1_0
      000090 E0               [ 8]  230 	movx	a,@dptr
      000091 24r05            [ 8]  231 	add	a,#___ultoa_buffer_65536_37
      000093 FF               [ 4]  232 	mov	r7,a
      000094 E4               [ 4]  233 	clr	a
      000095 34s00            [ 8]  234 	addc	a,#(___ultoa_buffer_65536_37 >> 8)
      000097 F8               [ 4]  235 	mov	r0,a
      000098 E4               [ 4]  236 	clr	a
      000099 34s00            [ 8]  237 	addc	a,#(___ultoa_buffer_65536_37 >> 16)
      00009B F9               [ 4]  238 	mov	r1,a
      00009C 8F 82            [ 8]  239 	mov	dpl,r7
      00009E 88 83            [ 8]  240 	mov	dph,r0
      0000A0 89 93            [ 8]  241 	mov	dpx,r1
      0000A2 EE               [ 4]  242 	mov	a,r6
      0000A3 F0               [ 8]  243 	movx	@dptr,a
                                    244 ;	__ltoa.c:68: value /= radix;
      0000A4 90s00r00r25      [12]  245 	mov	dptr,#___ultoa_sloc0_1_0
                                    246 ;	genAssign: resultIsFar = TRUE
      0000A8 75 86 21         [12]  247 	mov	dps,#0x21
      0000AB 90s00r00r00      [12]  248 	mov	dptr,#__divulong_PARM_2
      0000AF E0               [ 8]  249 	movx	a,@dptr
      0000B0 F0               [ 8]  250 	movx	@dptr,a
      0000B1 A3               [12]  251 	inc	dptr
      0000B2 A3               [12]  252 	inc	dptr
      0000B3 E0               [ 8]  253 	movx	a,@dptr
      0000B4 F0               [ 8]  254 	movx	@dptr,a
      0000B5 A3               [12]  255 	inc	dptr
      0000B6 A3               [12]  256 	inc	dptr
      0000B7 E0               [ 8]  257 	movx	a,@dptr
      0000B8 F0               [ 8]  258 	movx	@dptr,a
      0000B9 A3               [12]  259 	inc	dptr
      0000BA A3               [12]  260 	inc	dptr
      0000BB E0               [ 8]  261 	movx	a,@dptr
      0000BC F0               [ 8]  262 	movx	@dptr,a
      0000BD 75 86 00         [12]  263 	mov	dps,#0
      0000C0 8A 82            [ 8]  264 	mov	dpl,r2
      0000C2 8B 83            [ 8]  265 	mov	dph,r3
      0000C4 8C 93            [ 8]  266 	mov	dpx,r4
      0000C6 8D F0            [ 8]  267 	mov	b,r5
      0000C8 12s00r00r00      [16]  268 	lcall	__divulong
      0000CC AF 82            [ 8]  269 	mov	r7,dpl
      0000CE A8 83            [ 8]  270 	mov	r0,dph
      0000D0 A9 93            [ 8]  271 	mov	r1,dpx
      0000D2 AE F0            [ 8]  272 	mov	r6,b
                                    273 ;	genAssign: resultIsFar = TRUE
      0000D4 8F 02            [ 8]  274 	mov	ar2,r7
      0000D6 88 03            [ 8]  275 	mov	ar3,r0
      0000D8 89 04            [ 8]  276 	mov	ar4,r1
      0000DA 8E 05            [ 8]  277 	mov	ar5,r6
                                    278 ;	__ltoa.c:69: } while (value);
      0000DC EA               [ 4]  279 	mov	a,r2
      0000DD 4B               [ 4]  280 	orl	a,r3
      0000DE 4C               [ 4]  281 	orl	a,r4
      0000DF 4D               [ 4]  282 	orl	a,r5
      0000E0 60 04            [12]  283 	jz	00133$
      0000E2 02s00r00r0F      [16]  284 	ljmp	00103$
      0000E6                        285 00133$:
                                    286 ;	__ltoa.c:71: do {
      0000E6 90s00r00r00      [12]  287 	mov	dptr,#___ultoa_PARM_2
                                    288 ;	genAssign: resultIsFar = FALSE
      0000EA E0               [ 8]  289 	movx	a,@dptr
      0000EB FA               [ 4]  290 	mov	r2,a
      0000EC A3               [12]  291 	inc	dptr
      0000ED E0               [ 8]  292 	movx	a,@dptr
      0000EE FB               [ 4]  293 	mov	r3,a
      0000EF A3               [12]  294 	inc	dptr
      0000F0 E0               [ 8]  295 	movx	a,@dptr
      0000F1 FC               [ 4]  296 	mov	r4,a
      0000F2 A3               [12]  297 	inc	dptr
      0000F3 E0               [ 8]  298 	movx	a,@dptr
      0000F4 FD               [ 4]  299 	mov	r5,a
      0000F5 90s00r00r29      [12]  300 	mov	dptr,#___ultoa_sloc1_1_0
                                    301 ;	genAssign: resultIsFar = FALSE
      0000F9 E0               [ 8]  302 	movx	a,@dptr
      0000FA FE               [ 4]  303 	mov	r6,a
      0000FB                        304 00106$:
                                    305 ;	__ltoa.c:72: *string++ = buffer[index];
      0000FB EE               [ 4]  306 	mov	a,r6
      0000FC 24r05            [ 8]  307 	add	a,#___ultoa_buffer_65536_37
      0000FE F5 84            [ 8]  308 	mov	dpl1,a
      000100 E4               [ 4]  309 	clr	a
      000101 34s00            [ 8]  310 	addc	a,#(___ultoa_buffer_65536_37 >> 8)
      000103 F5 85            [ 8]  311 	mov	dph1,a
      000105 E4               [ 4]  312 	clr	a
      000106 34s00            [ 8]  313 	addc	a,#(___ultoa_buffer_65536_37 >> 16)
      000108 F5 95            [ 8]  314 	mov	dpx1,a
      00010A 05 86            [ 8]  315 	inc	dps
      00010C E0               [ 8]  316 	movx	a,@dptr
      00010D FF               [ 4]  317 	mov	r7,a
      00010E 75 86 00         [12]  318 	mov	dps,#0
      000111 8A 82            [ 8]  319 	mov	dpl,r2
      000113 8B 83            [ 8]  320 	mov	dph,r3
      000115 8C 93            [ 8]  321 	mov	dpx,r4
      000117 8D F0            [ 8]  322 	mov	b,r5
      000119 EF               [ 4]  323 	mov	a,r7
      00011A 12s00r00r00      [16]  324 	lcall	__gptrput
      00011E A3               [12]  325 	inc	dptr
      00011F AA 82            [ 8]  326 	mov	r2,dpl
      000121 AB 83            [ 8]  327 	mov	r3,dph
      000123 AC 93            [ 8]  328 	mov	r4,dpx
      000125 AD F0            [ 8]  329 	mov	r5,b
                                    330 ;	__ltoa.c:73: } while ( ++index != NUMBER_OF_DIGITS );
      000127 0E               [ 4]  331 	inc	r6
      000128 BE 20 D0         [16]  332 	cjne r6,#0x20,00106$
      00012B                        333 00135$:
                                    334 ;	__ltoa.c:75: *string = 0;  /* string terminator */
      00012B 8A 82            [ 8]  335 	mov	dpl,r2
      00012D 8B 83            [ 8]  336 	mov	dph,r3
      00012F 8C 93            [ 8]  337 	mov	dpx,r4
      000131 8D F0            [ 8]  338 	mov	b,r5
      000133 E4               [ 4]  339 	clr	a
      000134 12s00r00r00      [16]  340 	lcall	__gptrput
      000138                        341 00109$:
                                    342 ;	__ltoa.c:76: }
      000138 22               [16]  343 	ret
                                    344 ;------------------------------------------------------------
                                    345 ;Allocation info for local variables in function '__ltoa'
                                    346 ;------------------------------------------------------------
                                    347 ;string                    Allocated with name '___ltoa_PARM_2'
                                    348 ;radix                     Allocated with name '___ltoa_PARM_3'
                                    349 ;value                     Allocated to registers r2 r3 r4 r5 
                                    350 ;------------------------------------------------------------
                                    351 ;	__ltoa.c:78: void __ltoa(long value, char* string, unsigned char radix)
                                    352 ;	-----------------------------------------
                                    353 ;	 function __ltoa
                                    354 ;	-----------------------------------------
      000139                        355 ___ltoa:
      000139 AA 82            [ 8]  356 	mov	r2,dpl
      00013B AB 83            [ 8]  357 	mov	r3,dph
      00013D AC 93            [ 8]  358 	mov	r4,dpx
      00013F AD F0            [ 8]  359 	mov	r5,b
                                    360 ;	__ltoa.c:80: if (value < 0 && radix == 10) {
      000141 ED               [ 4]  361 	mov	a,r5
      000142 30 E7 45         [12]  362 	jnb  acc[7],00102$
      000145                        363 00114$:
      000145 90s00r00r2E      [12]  364 	mov	dptr,#___ltoa_PARM_3
      000149 E0               [ 8]  365 	movx	a,@dptr
      00014A B4 0A 3D         [16]  366 	cjne a,#0x0a,00102$
      00014D                        367 00116$:
                                    368 ;	__ltoa.c:81: *string++ = '-';
      00014D 90s00r00r2A      [12]  369 	mov	dptr,#___ltoa_PARM_2
                                    370 ;	genAssign: resultIsFar = FALSE
      000151 E0               [ 8]  371 	movx	a,@dptr
      000152 FE               [ 4]  372 	mov	r6,a
      000153 A3               [12]  373 	inc	dptr
      000154 E0               [ 8]  374 	movx	a,@dptr
      000155 FF               [ 4]  375 	mov	r7,a
      000156 A3               [12]  376 	inc	dptr
      000157 E0               [ 8]  377 	movx	a,@dptr
      000158 F8               [ 4]  378 	mov	r0,a
      000159 A3               [12]  379 	inc	dptr
      00015A E0               [ 8]  380 	movx	a,@dptr
      00015B F9               [ 4]  381 	mov	r1,a
      00015C 8E 82            [ 8]  382 	mov	dpl,r6
      00015E 8F 83            [ 8]  383 	mov	dph,r7
      000160 88 93            [ 8]  384 	mov	dpx,r0
      000162 89 F0            [ 8]  385 	mov	b,r1
      000164 74 2D            [ 8]  386 	mov	a,#0x2d
      000166 12s00r00r00      [16]  387 	lcall	__gptrput
      00016A 90s00r00r2A      [12]  388 	mov	dptr,#___ltoa_PARM_2
      00016E 74 01            [ 8]  389 	mov	a,#0x01
      000170 2E               [ 4]  390 	add	a,r6
      000171 F0               [ 8]  391 	movx	@dptr,a
      000172 E4               [ 4]  392 	clr	a
      000173 3F               [ 4]  393 	addc	a,r7
      000174 A3               [12]  394 	inc	dptr
      000175 F0               [ 8]  395 	movx	@dptr,a
      000176 E4               [ 4]  396 	clr	a
      000177 38               [ 4]  397 	addc	a,r0
      000178 A3               [12]  398 	inc	dptr
      000179 F0               [ 8]  399 	movx	@dptr,a
      00017A A3               [12]  400 	inc	dptr
      00017B E9               [ 4]  401 	mov	a,r1
      00017C F0               [ 8]  402 	movx	@dptr,a
                                    403 ;	__ltoa.c:82: value = -value;
      00017D C3               [ 4]  404 	clr	c
      00017E E4               [ 4]  405 	clr	a
      00017F 9A               [ 4]  406 	subb	a,r2
      000180 FA               [ 4]  407 	mov	r2,a
      000181 E4               [ 4]  408 	clr	a
      000182 9B               [ 4]  409 	subb	a,r3
      000183 FB               [ 4]  410 	mov	r3,a
      000184 E4               [ 4]  411 	clr	a
      000185 9C               [ 4]  412 	subb	a,r4
      000186 FC               [ 4]  413 	mov	r4,a
      000187 E4               [ 4]  414 	clr	a
      000188 9D               [ 4]  415 	subb	a,r5
      000189 FD               [ 4]  416 	mov	r5,a
      00018A                        417 00102$:
                                    418 ;	__ltoa.c:84: __ultoa(value, string, radix);
      00018A 90s00r00r2A      [12]  419 	mov	dptr,#___ltoa_PARM_2
                                    420 ;	genAssign: resultIsFar = FALSE
      00018E E0               [ 8]  421 	movx	a,@dptr
      00018F FE               [ 4]  422 	mov	r6,a
      000190 A3               [12]  423 	inc	dptr
      000191 E0               [ 8]  424 	movx	a,@dptr
      000192 FF               [ 4]  425 	mov	r7,a
      000193 A3               [12]  426 	inc	dptr
      000194 E0               [ 8]  427 	movx	a,@dptr
      000195 F8               [ 4]  428 	mov	r0,a
      000196 A3               [12]  429 	inc	dptr
      000197 E0               [ 8]  430 	movx	a,@dptr
      000198 F9               [ 4]  431 	mov	r1,a
                                    432 ;	genAssign: resultIsFar = TRUE
      000199 90s00r00r00      [12]  433 	mov	dptr,#___ultoa_PARM_2
      00019D EE               [ 4]  434 	mov	a,r6
      00019E F0               [ 8]  435 	movx	@dptr,a
      00019F A3               [12]  436 	inc	dptr
      0001A0 EF               [ 4]  437 	mov	a,r7
      0001A1 F0               [ 8]  438 	movx	@dptr,a
      0001A2 A3               [12]  439 	inc	dptr
      0001A3 E8               [ 4]  440 	mov	a,r0
      0001A4 F0               [ 8]  441 	movx	@dptr,a
      0001A5 A3               [12]  442 	inc	dptr
      0001A6 E9               [ 4]  443 	mov	a,r1
      0001A7 F0               [ 8]  444 	movx	@dptr,a
      0001A8 90s00r00r2E      [12]  445 	mov	dptr,#___ltoa_PARM_3
                                    446 ;	genAssign: resultIsFar = TRUE
      0001AC E0               [ 8]  447 	movx	a,@dptr
      0001AD 90s00r00r04      [12]  448 	mov	dptr,#___ultoa_PARM_3
      0001B1 F0               [ 8]  449 	movx	@dptr,a
      0001B2 8A 82            [ 8]  450 	mov	dpl,r2
      0001B4 8B 83            [ 8]  451 	mov	dph,r3
      0001B6 8C 93            [ 8]  452 	mov	dpx,r4
      0001B8 8D F0            [ 8]  453 	mov	b,r5
      0001BA 12s00r00r00      [16]  454 	lcall	___ultoa
      0001BE                        455 00104$:
                                    456 ;	__ltoa.c:85: }
      0001BE 22               [16]  457 	ret
                                    458 	.area CSEG    (CODE)
                                    459 	.area CONST   (CODE)
                                    460 	.area XINIT   (CODE)
                                    461 	.area CABS    (ABS,CODE)
