                              1 ;--------------------------------------------------------
                              2 ; File Created by SDCC : free open source ISO C Compiler 
                              3 ; Version 4.2.14 #0 (Linux)
                              4 ;--------------------------------------------------------
                              5 	.cs08
                              6 	.module _mulint
                              7 	.optsdcc -ms08
                              8 	
                              9 	.area HOME    (CODE)
                             10 	.area GSINIT0 (CODE)
                             11 	.area GSINIT  (CODE)
                             12 	.area GSFINAL (CODE)
                             13 	.area CSEG    (CODE)
                             14 	.area XINIT   (CODE)
                             15 	.area CONST   (CODE)
                             16 	.area DSEG    (PAG)
                             17 	.area OSEG    (PAG, OVR)
                             18 	.area XSEG
                             19 	.area XISEG
                             20 ;--------------------------------------------------------
                             21 ; Public variables in this module
                             22 ;--------------------------------------------------------
                             23 	.globl __mulint_PARM_2
                             24 	.globl __mulint
                             25 ;--------------------------------------------------------
                             26 ; ram data
                             27 ;--------------------------------------------------------
                             28 	.area DSEG    (PAG)
                             29 ;--------------------------------------------------------
                             30 ; overlayable items in ram
                             31 ;--------------------------------------------------------
                             32 ;--------------------------------------------------------
                             33 ; absolute ram data
                             34 ;--------------------------------------------------------
                             35 	.area IABS    (ABS)
                             36 	.area IABS    (ABS)
                             37 ;--------------------------------------------------------
                             38 ; absolute external ram data
                             39 ;--------------------------------------------------------
                             40 	.area XABS    (ABS)
                             41 ;--------------------------------------------------------
                             42 ; initialized external ram data
                             43 ;--------------------------------------------------------
                             44 	.area XISEG
                             45 ;--------------------------------------------------------
                             46 ; extended address mode data
                             47 ;--------------------------------------------------------
                             48 	.area XSEG
   0000                      49 __mulint_PARM_2:
   0000                      50 	.ds 2
                             51 ;--------------------------------------------------------
                             52 ; global & static initialisations
                             53 ;--------------------------------------------------------
                             54 	.area HOME    (CODE)
                             55 	.area GSINIT  (CODE)
                             56 	.area GSFINAL (CODE)
                             57 	.area GSINIT  (CODE)
                             58 ;--------------------------------------------------------
                             59 ; Home
                             60 ;--------------------------------------------------------
                             61 	.area HOME    (CODE)
                             62 	.area HOME    (CODE)
                             63 ;--------------------------------------------------------
                             64 ; code
                             65 ;--------------------------------------------------------
                             66 	.area CSEG    (CODE)
                             67 ;------------------------------------------------------------
                             68 ;Allocation info for local variables in function '_mulint'
                             69 ;------------------------------------------------------------
                             70 ;b                         Allocated with name '__mulint_PARM_2'
                             71 ;a                         Allocated to registers 
                             72 ;------------------------------------------------------------
                             73 ;_mulint.c:43: _mulint (int a, int b)
                             74 ;	-----------------------------------------
                             75 ;	 function _mulint
                             76 ;	-----------------------------------------
                             77 ;	Register assignment is optimal.
                             78 ;	Stack space usage: 0 bytes.
   0000                      79 __mulint:
                             80 ;_mulint.c:73: __endasm;
   0000 A7 FE         [ 2]   81 	    ais	#-2
   0002 87            [ 2]   82 	 psha
   0003 89            [ 2]   83 	 pshx
   0004 CEr00r01      [ 4]   84 	 ldx	__mulint_PARM_2+1
   0007 42            [ 5]   85 	 mul
   0008 9E E7 04      [ 4]   86 	 sta	4,s
   000B 9E EF 03      [ 4]   87 	 stx	3,s
   000E 9E E6 01      [ 4]   88 	 lda	1,s
   0011 CEr00r01      [ 4]   89 	 ldx	__mulint_PARM_2+1
   0014 42            [ 5]   90 	 mul
   0015 9E EB 03      [ 4]   91 	 add	3,s
   0018 9E E7 03      [ 4]   92 	 sta	3,s
   001B 9E E6 02      [ 4]   93 	 lda	2,s
   001E CEr00r00      [ 4]   94 	 ldx	__mulint_PARM_2
   0021 42            [ 5]   95 	 mul
   0022 9E EB 03      [ 4]   96 	 add	3,s
   0025 9E E7 03      [ 4]   97 	 sta	3,s
   0028 A7 02         [ 2]   98 	 ais	#2
   002A 88            [ 3]   99 	 pulx
   002B 86            [ 3]  100 	 pula
                            101 ;_mulint.c:102: }
   002C 81            [ 6]  102 	rts
                            103 	.area CSEG    (CODE)
                            104 	.area CONST   (CODE)
                            105 	.area XINIT   (CODE)
                            106 	.area CABS    (ABS,CODE)
