                              1 ;--------------------------------------------------------
                              2 ; File Created by SDCC : free open source ISO C Compiler 
                              3 ; Version 4.2.14 #0 (Linux)
                              4 ;--------------------------------------------------------
                              5 	.cs08
                              6 	.module isnan
                              7 	.optsdcc -ms08
                              8 	
                              9 	.area HOME    (CODE)
                             10 	.area GSINIT0 (CODE)
                             11 	.area GSINIT  (CODE)
                             12 	.area GSFINAL (CODE)
                             13 	.area CSEG    (CODE)
                             14 	.area XINIT   (CODE)
                             15 	.area CONST   (CODE)
                             16 	.area DSEG    (PAG)
                             17 	.area OSEG    (PAG, OVR)
                             18 	.area XSEG
                             19 	.area XISEG
                             20 ;--------------------------------------------------------
                             21 ; Public variables in this module
                             22 ;--------------------------------------------------------
                             23 	.globl _isnan_PARM_1
                             24 	.globl _isnan
                             25 ;--------------------------------------------------------
                             26 ; ram data
                             27 ;--------------------------------------------------------
                             28 	.area DSEG    (PAG)
                             29 ;--------------------------------------------------------
                             30 ; overlayable items in ram
                             31 ;--------------------------------------------------------
                             32 	.area	OSEG    (PAG, OVR)
   0000                      33 _isnan_sloc0_1_0:
   0000                      34 	.ds 4
                             35 ;--------------------------------------------------------
                             36 ; absolute ram data
                             37 ;--------------------------------------------------------
                             38 	.area IABS    (ABS)
                             39 	.area IABS    (ABS)
                             40 ;--------------------------------------------------------
                             41 ; absolute external ram data
                             42 ;--------------------------------------------------------
                             43 	.area XABS    (ABS)
                             44 ;--------------------------------------------------------
                             45 ; initialized external ram data
                             46 ;--------------------------------------------------------
                             47 	.area XISEG
                             48 ;--------------------------------------------------------
                             49 ; extended address mode data
                             50 ;--------------------------------------------------------
                             51 	.area XSEG
   0000                      52 _isnan_PARM_1:
   0000                      53 	.ds 4
                             54 ;--------------------------------------------------------
                             55 ; global & static initialisations
                             56 ;--------------------------------------------------------
                             57 	.area HOME    (CODE)
                             58 	.area GSINIT  (CODE)
                             59 	.area GSFINAL (CODE)
                             60 	.area GSINIT  (CODE)
                             61 ;--------------------------------------------------------
                             62 ; Home
                             63 ;--------------------------------------------------------
                             64 	.area HOME    (CODE)
                             65 	.area HOME    (CODE)
                             66 ;--------------------------------------------------------
                             67 ; code
                             68 ;--------------------------------------------------------
                             69 	.area CSEG    (CODE)
                             70 ;------------------------------------------------------------
                             71 ;Allocation info for local variables in function 'isnan'
                             72 ;------------------------------------------------------------
                             73 ;f                         Allocated with name '_isnan_PARM_1'
                             74 ;pl                        Allocated to registers 
                             75 ;sloc0                     Allocated with name '_isnan_sloc0_1_0'
                             76 ;------------------------------------------------------------
                             77 ;../isnan.c:33: int isnan (float f)
                             78 ;	-----------------------------------------
                             79 ;	 function isnan
                             80 ;	-----------------------------------------
                             81 ;	Register assignment is optimal.
                             82 ;	Stack space usage: 0 bytes.
   0000                      83 _isnan:
                             84 ;../isnan.c:35: unsigned long *pl = (unsigned long *) &f;
                             85 ;../isnan.c:37: return (*pl & 0x7fffffff) > 0x7f800000;
   0000 C6r00r00      [ 4]   86 	lda	_isnan_PARM_1
   0003 B7*00         [ 3]   87 	sta	*_isnan_sloc0_1_0
   0005 C6r00r01      [ 4]   88 	lda	(_isnan_PARM_1 + 1)
   0008 B7*01         [ 3]   89 	sta	*(_isnan_sloc0_1_0 + 1)
   000A C6r00r02      [ 4]   90 	lda	(_isnan_PARM_1 + 2)
   000D B7*02         [ 3]   91 	sta	*(_isnan_sloc0_1_0 + 2)
   000F C6r00r03      [ 4]   92 	lda	(_isnan_PARM_1 + 3)
   0012 B7*03         [ 3]   93 	sta	*(_isnan_sloc0_1_0 + 3)
   0014 1F*00         [ 4]   94 	bclr	#7,*_isnan_sloc0_1_0
   0016 4F            [ 1]   95 	clra
   0017 B0*03         [ 3]   96 	sub	*(_isnan_sloc0_1_0 + 3)
   0019 4F            [ 1]   97 	clra
   001A B2*02         [ 3]   98 	sbc	*(_isnan_sloc0_1_0 + 2)
   001C A6 80         [ 2]   99 	lda	#0x80
   001E B2*01         [ 3]  100 	sbc	*(_isnan_sloc0_1_0 + 1)
   0020 A6 7F         [ 2]  101 	lda	#0x7f
   0022 B2*00         [ 3]  102 	sbc	*_isnan_sloc0_1_0
   0024 25 03         [ 3]  103 	bcs	00103$
   0026 4F            [ 1]  104 	clra
   0027 20 02         [ 3]  105 	bra	00104$
   0029                     106 00103$:
   0029 A6 01         [ 2]  107 	lda	#0x01
   002B                     108 00104$:
   002B 5F            [ 1]  109 	clrx
                            110 ;../isnan.c:38: }
   002C 81            [ 6]  111 	rts
                            112 	.area CSEG    (CODE)
                            113 	.area CONST   (CODE)
                            114 	.area XINIT   (CODE)
                            115 	.area CABS    (ABS,CODE)
