                                      1 ;--------------------------------------------------------
                                      2 ; File Created by SDCC : free open source ISO C Compiler 
                                      3 ; Version 4.2.14 #0 (Linux)
                                      4 ;--------------------------------------------------------
                                      5 	.module ispunct
                                      6 	.optsdcc -mmcs51 --model-large
                                      7 	
                                      8 ;--------------------------------------------------------
                                      9 ; Public variables in this module
                                     10 ;--------------------------------------------------------
                                     11 	.globl _isalnum
                                     12 	.globl _isspace
                                     13 	.globl _isprint
                                     14 	.globl _ispunct
                                     15 ;--------------------------------------------------------
                                     16 ; special function registers
                                     17 ;--------------------------------------------------------
                                     18 	.area RSEG    (ABS,DATA)
      000000                         19 	.org 0x0000
                                     20 ;--------------------------------------------------------
                                     21 ; special function bits
                                     22 ;--------------------------------------------------------
                                     23 	.area RSEG    (ABS,DATA)
      000000                         24 	.org 0x0000
                                     25 ;--------------------------------------------------------
                                     26 ; overlayable register banks
                                     27 ;--------------------------------------------------------
                                     28 	.area REG_BANK_0	(REL,OVR,DATA)
      000000                         29 	.ds 8
                                     30 ;--------------------------------------------------------
                                     31 ; internal ram data
                                     32 ;--------------------------------------------------------
                                     33 	.area DSEG    (DATA)
                                     34 ;--------------------------------------------------------
                                     35 ; overlayable items in internal ram
                                     36 ;--------------------------------------------------------
                                     37 ;--------------------------------------------------------
                                     38 ; indirectly addressable internal ram data
                                     39 ;--------------------------------------------------------
                                     40 	.area ISEG    (DATA)
                                     41 ;--------------------------------------------------------
                                     42 ; absolute internal ram data
                                     43 ;--------------------------------------------------------
                                     44 	.area IABS    (ABS,DATA)
                                     45 	.area IABS    (ABS,DATA)
                                     46 ;--------------------------------------------------------
                                     47 ; bit data
                                     48 ;--------------------------------------------------------
                                     49 	.area BSEG    (BIT)
      000000                         50 _ispunct_sloc0_1_0:
      000000                         51 	.ds 1
                                     52 ;--------------------------------------------------------
                                     53 ; paged external ram data
                                     54 ;--------------------------------------------------------
                                     55 	.area PSEG    (PAG,XDATA)
                                     56 ;--------------------------------------------------------
                                     57 ; uninitialized external ram data
                                     58 ;--------------------------------------------------------
                                     59 	.area XSEG    (XDATA)
      000000                         60 _ispunct_c_65536_21:
      000000                         61 	.ds 2
                                     62 ;--------------------------------------------------------
                                     63 ; absolute external ram data
                                     64 ;--------------------------------------------------------
                                     65 	.area XABS    (ABS,XDATA)
                                     66 ;--------------------------------------------------------
                                     67 ; initialized external ram data
                                     68 ;--------------------------------------------------------
                                     69 	.area XISEG   (XDATA)
                                     70 	.area HOME    (CODE)
                                     71 	.area GSINIT0 (CODE)
                                     72 	.area GSINIT1 (CODE)
                                     73 	.area GSINIT2 (CODE)
                                     74 	.area GSINIT3 (CODE)
                                     75 	.area GSINIT4 (CODE)
                                     76 	.area GSINIT5 (CODE)
                                     77 	.area GSINIT  (CODE)
                                     78 	.area GSFINAL (CODE)
                                     79 	.area CSEG    (CODE)
                                     80 ;--------------------------------------------------------
                                     81 ; global & static initialisations
                                     82 ;--------------------------------------------------------
                                     83 	.area HOME    (CODE)
                                     84 	.area GSINIT  (CODE)
                                     85 	.area GSFINAL (CODE)
                                     86 	.area GSINIT  (CODE)
                                     87 ;--------------------------------------------------------
                                     88 ; Home
                                     89 ;--------------------------------------------------------
                                     90 	.area HOME    (CODE)
                                     91 	.area HOME    (CODE)
                                     92 ;--------------------------------------------------------
                                     93 ; code
                                     94 ;--------------------------------------------------------
                                     95 	.area CSEG    (CODE)
                                     96 ;------------------------------------------------------------
                                     97 ;Allocation info for local variables in function 'ispunct'
                                     98 ;------------------------------------------------------------
                                     99 ;c                         Allocated with name '_ispunct_c_65536_21'
                                    100 ;------------------------------------------------------------
                                    101 ;	ispunct.c:33: int ispunct (int c)
                                    102 ;	-----------------------------------------
                                    103 ;	 function ispunct
                                    104 ;	-----------------------------------------
      000000                        105 _ispunct:
                           000007   106 	ar7 = 0x07
                           000006   107 	ar6 = 0x06
                           000005   108 	ar5 = 0x05
                           000004   109 	ar4 = 0x04
                           000003   110 	ar3 = 0x03
                           000002   111 	ar2 = 0x02
                           000001   112 	ar1 = 0x01
                           000000   113 	ar0 = 0x00
      000000 AF 83            [24]  114 	mov	r7,dph
      000002 E5 82            [12]  115 	mov	a,dpl
      000004 90r00r00         [24]  116 	mov	dptr,#_ispunct_c_65536_21
      000007 F0               [24]  117 	movx	@dptr,a
      000008 EF               [12]  118 	mov	a,r7
      000009 A3               [24]  119 	inc	dptr
      00000A F0               [24]  120 	movx	@dptr,a
                                    121 ;	ispunct.c:35: return (isprint (c) && !isspace (c) && !isalnum (c));
      00000B 90r00r00         [24]  122 	mov	dptr,#_ispunct_c_65536_21
      00000E E0               [24]  123 	movx	a,@dptr
      00000F FE               [12]  124 	mov	r6,a
      000010 A3               [24]  125 	inc	dptr
      000011 E0               [24]  126 	movx	a,@dptr
      000012 FF               [12]  127 	mov	r7,a
      000013 8E 82            [24]  128 	mov	dpl,r6
      000015 8F 83            [24]  129 	mov	dph,r7
      000017 C0 07            [24]  130 	push	ar7
      000019 C0 06            [24]  131 	push	ar6
      00001B 12r00r00         [24]  132 	lcall	_isprint
      00001E E5 82            [12]  133 	mov	a,dpl
      000020 85 83 F0         [24]  134 	mov	b,dph
      000023 D0 06            [24]  135 	pop	ar6
      000025 D0 07            [24]  136 	pop	ar7
      000027 45 F0            [12]  137 	orl	a,b
      000029 60 26            [24]  138 	jz	00103$
      00002B 8E 82            [24]  139 	mov	dpl,r6
      00002D 8F 83            [24]  140 	mov	dph,r7
      00002F C0 07            [24]  141 	push	ar7
      000031 C0 06            [24]  142 	push	ar6
      000033 12r00r00         [24]  143 	lcall	_isspace
      000036 AC 82            [24]  144 	mov	r4,dpl
      000038 AD 83            [24]  145 	mov	r5,dph
      00003A D0 06            [24]  146 	pop	ar6
      00003C D0 07            [24]  147 	pop	ar7
      00003E EC               [12]  148 	mov	a,r4
      00003F 4D               [12]  149 	orl	a,r5
      000040 70 0F            [24]  150 	jnz	00103$
      000042 8E 82            [24]  151 	mov	dpl,r6
      000044 8F 83            [24]  152 	mov	dph,r7
      000046 12r00r00         [24]  153 	lcall	_isalnum
      000049 AE 82            [24]  154 	mov	r6,dpl
      00004B AF 83            [24]  155 	mov	r7,dph
      00004D EE               [12]  156 	mov	a,r6
      00004E 4F               [12]  157 	orl	a,r7
      00004F 60 04            [24]  158 	jz	00104$
      000051                        159 00103$:
                                    160 ;	assignBit
      000051 C2*00            [12]  161 	clr	_ispunct_sloc0_1_0
      000053 80 02            [24]  162 	sjmp	00105$
      000055                        163 00104$:
                                    164 ;	assignBit
      000055 D2*00            [12]  165 	setb	_ispunct_sloc0_1_0
      000057                        166 00105$:
      000057 A2*00            [12]  167 	mov	c,_ispunct_sloc0_1_0
      000059 E4               [12]  168 	clr	a
      00005A 33               [12]  169 	rlc	a
      00005B FE               [12]  170 	mov	r6,a
      00005C 7F 00            [12]  171 	mov	r7,#0x00
      00005E 8E 82            [24]  172 	mov	dpl,r6
      000060 8F 83            [24]  173 	mov	dph,r7
                                    174 ;	ispunct.c:36: }
      000062 22               [24]  175 	ret
                                    176 	.area CSEG    (CODE)
                                    177 	.area CONST   (CODE)
                                    178 	.area XINIT   (CODE)
                                    179 	.area CABS    (ABS,CODE)
