                              1 ;--------------------------------------------------------
                              2 ; File Created by SDCC : free open source ISO C Compiler 
                              3 ; Version 4.2.14 #0 (Linux)
                              4 ;--------------------------------------------------------
                              5 	.module isblank
                              6 	.optsdcc -mhc08
                              7 	
                              8 	.area HOME    (CODE)
                              9 	.area GSINIT0 (CODE)
                             10 	.area GSINIT  (CODE)
                             11 	.area GSFINAL (CODE)
                             12 	.area CSEG    (CODE)
                             13 	.area XINIT   (CODE)
                             14 	.area CONST   (CODE)
                             15 	.area DSEG    (PAG)
                             16 	.area OSEG    (PAG, OVR)
                             17 	.area XSEG
                             18 	.area XISEG
                             19 ;--------------------------------------------------------
                             20 ; Public variables in this module
                             21 ;--------------------------------------------------------
                             22 	.globl _isblank
                             23 ;--------------------------------------------------------
                             24 ; ram data
                             25 ;--------------------------------------------------------
                             26 	.area DSEG    (PAG)
                             27 ;--------------------------------------------------------
                             28 ; overlayable items in ram
                             29 ;--------------------------------------------------------
                             30 ;--------------------------------------------------------
                             31 ; absolute ram data
                             32 ;--------------------------------------------------------
                             33 	.area IABS    (ABS)
                             34 	.area IABS    (ABS)
                             35 ;--------------------------------------------------------
                             36 ; absolute external ram data
                             37 ;--------------------------------------------------------
                             38 	.area XABS    (ABS)
                             39 ;--------------------------------------------------------
                             40 ; initialized external ram data
                             41 ;--------------------------------------------------------
                             42 	.area XISEG
                             43 ;--------------------------------------------------------
                             44 ; extended address mode data
                             45 ;--------------------------------------------------------
                             46 	.area XSEG
                             47 ;--------------------------------------------------------
                             48 ; global & static initialisations
                             49 ;--------------------------------------------------------
                             50 	.area HOME    (CODE)
                             51 	.area GSINIT  (CODE)
                             52 	.area GSFINAL (CODE)
                             53 	.area GSINIT  (CODE)
                             54 ;--------------------------------------------------------
                             55 ; Home
                             56 ;--------------------------------------------------------
                             57 	.area HOME    (CODE)
                             58 	.area HOME    (CODE)
                             59 ;--------------------------------------------------------
                             60 ; code
                             61 ;--------------------------------------------------------
                             62 	.area CSEG    (CODE)
                             63 ;------------------------------------------------------------
                             64 ;Allocation info for local variables in function 'isblank'
                             65 ;------------------------------------------------------------
                             66 ;c                         Allocated to registers a x 
                             67 ;------------------------------------------------------------
                             68 ;./../../include/ctype.h:51: inline int isblank (int c)
                             69 ;	-----------------------------------------
                             70 ;	 function isblank
                             71 ;	-----------------------------------------
                             72 ;	Register assignment is optimal.
                             73 ;	Stack space usage: 0 bytes.
   0000                      74 _isblank:
                             75 ;./../../include/ctype.h:53: return ((unsigned char)c == ' ' || (unsigned char)c == '\t');
   0000 41 20 06      [ 4]   76 	cbeqa	#0x20,00104$
   0003 41 09 03      [ 4]   77 	cbeqa	#0x09,00104$
   0006 4F            [ 1]   78 	clra
   0007 20 02         [ 3]   79 	bra	00105$
   0009                      80 00104$:
   0009 A6 01         [ 2]   81 	lda	#0x01
   000B                      82 00105$:
   000B 5F            [ 1]   83 	clrx
                             84 ;./../../include/ctype.h:54: }
   000C 81            [ 4]   85 	rts
                             86 	.area CSEG    (CODE)
                             87 	.area CONST   (CODE)
                             88 	.area XINIT   (CODE)
                             89 	.area CABS    (ABS,CODE)
