                              1 ;--------------------------------------------------------
                              2 ; File Created by SDCC : free open source ISO C Compiler 
                              3 ; Version 4.2.14 #0 (Linux)
                              4 ;--------------------------------------------------------
                              5 	.module wcslen
                              6 	.optsdcc -mhc08
                              7 	
                              8 	.area HOME    (CODE)
                              9 	.area GSINIT0 (CODE)
                             10 	.area GSINIT  (CODE)
                             11 	.area GSFINAL (CODE)
                             12 	.area CSEG    (CODE)
                             13 	.area XINIT   (CODE)
                             14 	.area CONST   (CODE)
                             15 	.area DSEG    (PAG)
                             16 	.area OSEG    (PAG, OVR)
                             17 	.area XSEG
                             18 	.area XISEG
                             19 ;--------------------------------------------------------
                             20 ; Public variables in this module
                             21 ;--------------------------------------------------------
                             22 	.globl _wcslen
                             23 ;--------------------------------------------------------
                             24 ; ram data
                             25 ;--------------------------------------------------------
                             26 	.area DSEG    (PAG)
                             27 ;--------------------------------------------------------
                             28 ; overlayable items in ram
                             29 ;--------------------------------------------------------
                             30 	.area	OSEG    (PAG, OVR)
   0000                      31 _wcslen_n_65536_10:
   0000                      32 	.ds 2
   0002                      33 _wcslen_sloc0_1_0:
   0002                      34 	.ds 4
                             35 ;--------------------------------------------------------
                             36 ; absolute ram data
                             37 ;--------------------------------------------------------
                             38 	.area IABS    (ABS)
                             39 	.area IABS    (ABS)
                             40 ;--------------------------------------------------------
                             41 ; absolute external ram data
                             42 ;--------------------------------------------------------
                             43 	.area XABS    (ABS)
                             44 ;--------------------------------------------------------
                             45 ; initialized external ram data
                             46 ;--------------------------------------------------------
                             47 	.area XISEG
                             48 ;--------------------------------------------------------
                             49 ; extended address mode data
                             50 ;--------------------------------------------------------
                             51 	.area XSEG
                             52 ;--------------------------------------------------------
                             53 ; global & static initialisations
                             54 ;--------------------------------------------------------
                             55 	.area HOME    (CODE)
                             56 	.area GSINIT  (CODE)
                             57 	.area GSFINAL (CODE)
                             58 	.area GSINIT  (CODE)
                             59 ;--------------------------------------------------------
                             60 ; Home
                             61 ;--------------------------------------------------------
                             62 	.area HOME    (CODE)
                             63 	.area HOME    (CODE)
                             64 ;--------------------------------------------------------
                             65 ; code
                             66 ;--------------------------------------------------------
                             67 	.area CSEG    (CODE)
                             68 ;------------------------------------------------------------
                             69 ;Allocation info for local variables in function 'wcslen'
                             70 ;------------------------------------------------------------
                             71 ;s                         Allocated to registers 
                             72 ;n                         Allocated with name '_wcslen_n_65536_10'
                             73 ;sloc0                     Allocated with name '_wcslen_sloc0_1_0'
                             74 ;------------------------------------------------------------
                             75 ;../wcslen.c:31: size_t wcslen(const wchar_t *s)
                             76 ;	-----------------------------------------
                             77 ;	 function wcslen
                             78 ;	-----------------------------------------
                             79 ;	Register assignment is optimal.
                             80 ;	Stack space usage: 0 bytes.
   0000                      81 _wcslen:
   0000 89            [ 2]   82 	pshx
   0001 97            [ 1]   83 	tax
   0002 8A            [ 2]   84 	pulh
                             85 ;../wcslen.c:34: while (*s)
   0003 6E 00*00      [ 4]   86 	mov	#0x00,*_wcslen_n_65536_10
   0006 6E 00*01      [ 4]   87 	mov	#0x00,*(_wcslen_n_65536_10 + 1)
   0009                      88 00101$:
   0009 F6            [ 2]   89 	lda	,x
   000A B7*02         [ 3]   90 	sta	*_wcslen_sloc0_1_0
   000C E6 01         [ 3]   91 	lda	1,x
   000E B7*03         [ 3]   92 	sta	*(_wcslen_sloc0_1_0 + 1)
   0010 E6 02         [ 3]   93 	lda	2,x
   0012 B7*04         [ 3]   94 	sta	*(_wcslen_sloc0_1_0 + 2)
   0014 E6 03         [ 3]   95 	lda	3,x
   0016 B7*05         [ 3]   96 	sta	*(_wcslen_sloc0_1_0 + 3)
   0018 B6*02         [ 3]   97 	lda	*_wcslen_sloc0_1_0
   001A BA*03         [ 3]   98 	ora	*(_wcslen_sloc0_1_0 + 1)
   001C BA*04         [ 3]   99 	ora	*(_wcslen_sloc0_1_0 + 2)
   001E BA*05         [ 3]  100 	ora	*(_wcslen_sloc0_1_0 + 3)
   0020 27 0E         [ 3]  101 	beq	00103$
                            102 ;../wcslen.c:36: n++;
   0022 89            [ 2]  103 	pshx
   0023 8B            [ 2]  104 	pshh
   0024 55*00         [ 4]  105 	ldhx	*_wcslen_n_65536_10
   0026 AF 01         [ 2]  106 	aix	#1
   0028 35*00         [ 4]  107 	sthx	*_wcslen_n_65536_10
   002A 8A            [ 2]  108 	pulh
   002B 88            [ 2]  109 	pulx
                            110 ;../wcslen.c:37: s++;
   002C AF 04         [ 2]  111 	aix	#4
   002E 20 D9         [ 3]  112 	bra	00101$
   0030                     113 00103$:
                            114 ;../wcslen.c:40: return n;
   0030 BE*00         [ 3]  115 	ldx	*_wcslen_n_65536_10
   0032 B6*01         [ 3]  116 	lda	*(_wcslen_n_65536_10 + 1)
                            117 ;../wcslen.c:41: }
   0034 81            [ 4]  118 	rts
                            119 	.area CSEG    (CODE)
                            120 	.area CONST   (CODE)
                            121 	.area XINIT   (CODE)
                            122 	.area CABS    (ABS,CODE)
