                                      1 ;--------------------------------------------------------
                                      2 ; File Created by SDCC : free open source ISO C Compiler 
                                      3 ; Version 4.2.14 #0 (Linux)
                                      4 ;--------------------------------------------------------
                                      5 	.module wctomb
                                      6 	.optsdcc -mmcs51 --model-medium
                                      7 	
                                      8 ;--------------------------------------------------------
                                      9 ; Public variables in this module
                                     10 ;--------------------------------------------------------
                                     11 	.globl _wctomb_PARM_2
                                     12 	.globl _wctomb
                                     13 ;--------------------------------------------------------
                                     14 ; special function registers
                                     15 ;--------------------------------------------------------
                                     16 	.area RSEG    (ABS,DATA)
      000000                         17 	.org 0x0000
                                     18 ;--------------------------------------------------------
                                     19 ; special function bits
                                     20 ;--------------------------------------------------------
                                     21 	.area RSEG    (ABS,DATA)
      000000                         22 	.org 0x0000
                                     23 ;--------------------------------------------------------
                                     24 ; overlayable register banks
                                     25 ;--------------------------------------------------------
                                     26 	.area REG_BANK_0	(REL,OVR,DATA)
      000000                         27 	.ds 8
                                     28 ;--------------------------------------------------------
                                     29 ; internal ram data
                                     30 ;--------------------------------------------------------
                                     31 	.area DSEG    (DATA)
                                     32 ;--------------------------------------------------------
                                     33 ; overlayable items in internal ram
                                     34 ;--------------------------------------------------------
                                     35 	.area	OSEG    (OVR,DATA)
      000000                         36 _wctomb_sloc0_1_0:
      000000                         37 	.ds 3
                                     38 ;--------------------------------------------------------
                                     39 ; indirectly addressable internal ram data
                                     40 ;--------------------------------------------------------
                                     41 	.area ISEG    (DATA)
                                     42 ;--------------------------------------------------------
                                     43 ; absolute internal ram data
                                     44 ;--------------------------------------------------------
                                     45 	.area IABS    (ABS,DATA)
                                     46 	.area IABS    (ABS,DATA)
                                     47 ;--------------------------------------------------------
                                     48 ; bit data
                                     49 ;--------------------------------------------------------
                                     50 	.area BSEG    (BIT)
                                     51 ;--------------------------------------------------------
                                     52 ; paged external ram data
                                     53 ;--------------------------------------------------------
                                     54 	.area PSEG    (PAG,XDATA)
      000000                         55 _wctomb_PARM_2:
      000000                         56 	.ds 4
      000004                         57 _wctomb_s_65536_39:
      000004                         58 	.ds 3
                                     59 ;--------------------------------------------------------
                                     60 ; uninitialized external ram data
                                     61 ;--------------------------------------------------------
                                     62 	.area XSEG    (XDATA)
                                     63 ;--------------------------------------------------------
                                     64 ; absolute external ram data
                                     65 ;--------------------------------------------------------
                                     66 	.area XABS    (ABS,XDATA)
                                     67 ;--------------------------------------------------------
                                     68 ; initialized external ram data
                                     69 ;--------------------------------------------------------
                                     70 	.area XISEG   (XDATA)
                                     71 	.area HOME    (CODE)
                                     72 	.area GSINIT0 (CODE)
                                     73 	.area GSINIT1 (CODE)
                                     74 	.area GSINIT2 (CODE)
                                     75 	.area GSINIT3 (CODE)
                                     76 	.area GSINIT4 (CODE)
                                     77 	.area GSINIT5 (CODE)
                                     78 	.area GSINIT  (CODE)
                                     79 	.area GSFINAL (CODE)
                                     80 	.area CSEG    (CODE)
                                     81 ;--------------------------------------------------------
                                     82 ; global & static initialisations
                                     83 ;--------------------------------------------------------
                                     84 	.area HOME    (CODE)
                                     85 	.area GSINIT  (CODE)
                                     86 	.area GSFINAL (CODE)
                                     87 	.area GSINIT  (CODE)
                                     88 ;--------------------------------------------------------
                                     89 ; Home
                                     90 ;--------------------------------------------------------
                                     91 	.area HOME    (CODE)
                                     92 	.area HOME    (CODE)
                                     93 ;--------------------------------------------------------
                                     94 ; code
                                     95 ;--------------------------------------------------------
                                     96 	.area CSEG    (CODE)
                                     97 ;------------------------------------------------------------
                                     98 ;Allocation info for local variables in function 'wctomb'
                                     99 ;------------------------------------------------------------
                                    100 ;sloc0                     Allocated with name '_wctomb_sloc0_1_0'
                                    101 ;------------------------------------------------------------
                                    102 ;	wctomb.c:31: int wctomb(char *s, wchar_t wc)
                                    103 ;	-----------------------------------------
                                    104 ;	 function wctomb
                                    105 ;	-----------------------------------------
      000000                        106 _wctomb:
                           000007   107 	ar7 = 0x07
                           000006   108 	ar6 = 0x06
                           000005   109 	ar5 = 0x05
                           000004   110 	ar4 = 0x04
                           000003   111 	ar3 = 0x03
                           000002   112 	ar2 = 0x02
                           000001   113 	ar1 = 0x01
                           000000   114 	ar0 = 0x00
      000000 AF F0            [24]  115 	mov	r7,b
      000002 AE 83            [24]  116 	mov	r6,dph
      000004 E5 82            [12]  117 	mov	a,dpl
      000006 78r04            [12]  118 	mov	r0,#_wctomb_s_65536_39
      000008 F2               [24]  119 	movx	@r0,a
      000009 EE               [12]  120 	mov	a,r6
      00000A 08               [12]  121 	inc	r0
      00000B F2               [24]  122 	movx	@r0,a
      00000C EF               [12]  123 	mov	a,r7
      00000D 08               [12]  124 	inc	r0
      00000E F2               [24]  125 	movx	@r0,a
                                    126 ;	wctomb.c:33: if(!s)
      00000F 78r04            [12]  127 	mov	r0,#_wctomb_s_65536_39
      000011 E2               [24]  128 	movx	a,@r0
      000012 F5 F0            [12]  129 	mov	b,a
      000014 08               [12]  130 	inc	r0
      000015 E2               [24]  131 	movx	a,@r0
      000016 45 F0            [12]  132 	orl	a,b
      000018 70 04            [24]  133 	jnz	00102$
                                    134 ;	wctomb.c:34: return(0);
      00001A 90 00 00         [24]  135 	mov	dptr,#0x0000
      00001D 22               [24]  136 	ret
      00001E                        137 00102$:
                                    138 ;	wctomb.c:36: if(wc < 0x80)
      00001E 78r00            [12]  139 	mov	r0,#_wctomb_PARM_2
      000020 C3               [12]  140 	clr	c
      000021 E2               [24]  141 	movx	a,@r0
      000022 94 80            [12]  142 	subb	a,#0x80
      000024 08               [12]  143 	inc	r0
      000025 E2               [24]  144 	movx	a,@r0
      000026 94 00            [12]  145 	subb	a,#0x00
      000028 08               [12]  146 	inc	r0
      000029 E2               [24]  147 	movx	a,@r0
      00002A 94 00            [12]  148 	subb	a,#0x00
      00002C 08               [12]  149 	inc	r0
      00002D E2               [24]  150 	movx	a,@r0
      00002E 94 00            [12]  151 	subb	a,#0x00
      000030 50 19            [24]  152 	jnc	00117$
                                    153 ;	wctomb.c:38: s[0] = wc;
      000032 78r00            [12]  154 	mov	r0,#_wctomb_PARM_2
      000034 E2               [24]  155 	movx	a,@r0
      000035 FC               [12]  156 	mov	r4,a
      000036 78r04            [12]  157 	mov	r0,#_wctomb_s_65536_39
      000038 E2               [24]  158 	movx	a,@r0
      000039 F5 82            [12]  159 	mov	dpl,a
      00003B 08               [12]  160 	inc	r0
      00003C E2               [24]  161 	movx	a,@r0
      00003D F5 83            [12]  162 	mov	dph,a
      00003F 08               [12]  163 	inc	r0
      000040 E2               [24]  164 	movx	a,@r0
      000041 F5 F0            [12]  165 	mov	b,a
      000043 EC               [12]  166 	mov	a,r4
      000044 12r00r00         [24]  167 	lcall	__gptrput
                                    168 ;	wctomb.c:39: return(1);
      000047 90 00 01         [24]  169 	mov	dptr,#0x0001
      00004A 22               [24]  170 	ret
      00004B                        171 00117$:
                                    172 ;	wctomb.c:41: else if(wc < 0x800)
      00004B 78r00            [12]  173 	mov	r0,#_wctomb_PARM_2
      00004D C3               [12]  174 	clr	c
      00004E 08               [12]  175 	inc	r0
      00004F E2               [24]  176 	movx	a,@r0
      000050 94 08            [12]  177 	subb	a,#0x08
      000052 08               [12]  178 	inc	r0
      000053 E2               [24]  179 	movx	a,@r0
      000054 94 00            [12]  180 	subb	a,#0x00
      000056 08               [12]  181 	inc	r0
      000057 E2               [24]  182 	movx	a,@r0
      000058 94 00            [12]  183 	subb	a,#0x00
      00005A 50 56            [24]  184 	jnc	00114$
                                    185 ;	wctomb.c:43: s[0] = (wc >> 6) & 0x1f | 0xc0;
      00005C 78r00            [12]  186 	mov	r0,#_wctomb_PARM_2
      00005E E2               [24]  187 	movx	a,@r0
      00005F FB               [12]  188 	mov	r3,a
      000060 08               [12]  189 	inc	r0
      000061 E2               [24]  190 	movx	a,@r0
      000062 A2 E7            [12]  191 	mov	c,acc.7
      000064 CB               [12]  192 	xch	a,r3
      000065 33               [12]  193 	rlc	a
      000066 CB               [12]  194 	xch	a,r3
      000067 33               [12]  195 	rlc	a
      000068 A2 E7            [12]  196 	mov	c,acc.7
      00006A CB               [12]  197 	xch	a,r3
      00006B 33               [12]  198 	rlc	a
      00006C CB               [12]  199 	xch	a,r3
      00006D 33               [12]  200 	rlc	a
      00006E CB               [12]  201 	xch	a,r3
      00006F 54 03            [12]  202 	anl	a,#0x03
      000071 74 1F            [12]  203 	mov	a,#0x1f
      000073 5B               [12]  204 	anl	a,r3
      000074 44 C0            [12]  205 	orl	a,#0xc0
      000076 FC               [12]  206 	mov	r4,a
      000077 78r04            [12]  207 	mov	r0,#_wctomb_s_65536_39
      000079 E2               [24]  208 	movx	a,@r0
      00007A F5 82            [12]  209 	mov	dpl,a
      00007C 08               [12]  210 	inc	r0
      00007D E2               [24]  211 	movx	a,@r0
      00007E F5 83            [12]  212 	mov	dph,a
      000080 08               [12]  213 	inc	r0
      000081 E2               [24]  214 	movx	a,@r0
      000082 F5 F0            [12]  215 	mov	b,a
      000084 EC               [12]  216 	mov	a,r4
      000085 12r00r00         [24]  217 	lcall	__gptrput
                                    218 ;	wctomb.c:44: s[1] = (wc >> 0) & 0x3f | 0x80;
      000088 78r04            [12]  219 	mov	r0,#_wctomb_s_65536_39
      00008A E2               [24]  220 	movx	a,@r0
      00008B 24 01            [12]  221 	add	a,#0x01
      00008D F5*00            [12]  222 	mov	_wctomb_sloc0_1_0,a
      00008F 08               [12]  223 	inc	r0
      000090 E2               [24]  224 	movx	a,@r0
      000091 34 00            [12]  225 	addc	a,#0x00
      000093 F5*01            [12]  226 	mov	(_wctomb_sloc0_1_0 + 1),a
      000095 08               [12]  227 	inc	r0
      000096 E2               [24]  228 	movx	a,@r0
      000097 F5*02            [12]  229 	mov	(_wctomb_sloc0_1_0 + 2),a
      000099 78r00            [12]  230 	mov	r0,#_wctomb_PARM_2
      00009B E2               [24]  231 	movx	a,@r0
      00009C FC               [12]  232 	mov	r4,a
      00009D 74 3F            [12]  233 	mov	a,#0x3f
      00009F 5C               [12]  234 	anl	a,r4
      0000A0 44 80            [12]  235 	orl	a,#0x80
      0000A2 85*00 82         [24]  236 	mov	dpl,_wctomb_sloc0_1_0
      0000A5 85*01 83         [24]  237 	mov	dph,(_wctomb_sloc0_1_0 + 1)
      0000A8 85*02 F0         [24]  238 	mov	b,(_wctomb_sloc0_1_0 + 2)
      0000AB 12r00r00         [24]  239 	lcall	__gptrput
                                    240 ;	wctomb.c:45: return(2);
      0000AE 90 00 02         [24]  241 	mov	dptr,#0x0002
      0000B1 22               [24]  242 	ret
      0000B2                        243 00114$:
                                    244 ;	wctomb.c:47: else if(wc >= 0xd800 && wc < 0xe000) // Unpaired surrogate
      0000B2 78r00            [12]  245 	mov	r0,#_wctomb_PARM_2
      0000B4 C3               [12]  246 	clr	c
      0000B5 08               [12]  247 	inc	r0
      0000B6 E2               [24]  248 	movx	a,@r0
      0000B7 94 D8            [12]  249 	subb	a,#0xd8
      0000B9 08               [12]  250 	inc	r0
      0000BA E2               [24]  251 	movx	a,@r0
      0000BB 94 00            [12]  252 	subb	a,#0x00
      0000BD 08               [12]  253 	inc	r0
      0000BE E2               [24]  254 	movx	a,@r0
      0000BF 94 00            [12]  255 	subb	a,#0x00
      0000C1 40 15            [24]  256 	jc	00110$
      0000C3 78r00            [12]  257 	mov	r0,#_wctomb_PARM_2
      0000C5 C3               [12]  258 	clr	c
      0000C6 08               [12]  259 	inc	r0
      0000C7 E2               [24]  260 	movx	a,@r0
      0000C8 94 E0            [12]  261 	subb	a,#0xe0
      0000CA 08               [12]  262 	inc	r0
      0000CB E2               [24]  263 	movx	a,@r0
      0000CC 94 00            [12]  264 	subb	a,#0x00
      0000CE 08               [12]  265 	inc	r0
      0000CF E2               [24]  266 	movx	a,@r0
      0000D0 94 00            [12]  267 	subb	a,#0x00
      0000D2 50 04            [24]  268 	jnc	00110$
                                    269 ;	wctomb.c:48: return(-1);
      0000D4 90 FF FF         [24]  270 	mov	dptr,#0xffff
      0000D7 22               [24]  271 	ret
      0000D8                        272 00110$:
                                    273 ;	wctomb.c:49: else if(wc < 0x10000)
      0000D8 78r00            [12]  274 	mov	r0,#_wctomb_PARM_2
      0000DA C3               [12]  275 	clr	c
      0000DB 08               [12]  276 	inc	r0
      0000DC 08               [12]  277 	inc	r0
      0000DD E2               [24]  278 	movx	a,@r0
      0000DE 94 01            [12]  279 	subb	a,#0x01
      0000E0 08               [12]  280 	inc	r0
      0000E1 E2               [24]  281 	movx	a,@r0
      0000E2 94 00            [12]  282 	subb	a,#0x00
      0000E4 40 03            [24]  283 	jc	00154$
      0000E6 02r01r72         [24]  284 	ljmp	00107$
      0000E9                        285 00154$:
                                    286 ;	wctomb.c:51: s[0] = (wc >> 12) & 0x0f | 0xe0;
      0000E9 78r01            [12]  287 	mov	r0,#(_wctomb_PARM_2 + 1)
      0000EB E2               [24]  288 	movx	a,@r0
      0000EC FA               [12]  289 	mov	r2,a
      0000ED 08               [12]  290 	inc	r0
      0000EE E2               [24]  291 	movx	a,@r0
      0000EF C4               [12]  292 	swap	a
      0000F0 CA               [12]  293 	xch	a,r2
      0000F1 C4               [12]  294 	swap	a
      0000F2 54 0F            [12]  295 	anl	a,#0x0f
      0000F4 6A               [12]  296 	xrl	a,r2
      0000F5 CA               [12]  297 	xch	a,r2
      0000F6 54 0F            [12]  298 	anl	a,#0x0f
      0000F8 CA               [12]  299 	xch	a,r2
      0000F9 6A               [12]  300 	xrl	a,r2
      0000FA CA               [12]  301 	xch	a,r2
      0000FB FB               [12]  302 	mov	r3,a
      0000FC 08               [12]  303 	inc	r0
      0000FD E2               [24]  304 	movx	a,@r0
      0000FE C4               [12]  305 	swap	a
      0000FF 54 F0            [12]  306 	anl	a,#0xf0
      000101 4B               [12]  307 	orl	a,r3
      000102 E2               [24]  308 	movx	a,@r0
      000103 C4               [12]  309 	swap	a
      000104 54 0F            [12]  310 	anl	a,#0x0f
      000106 74 0F            [12]  311 	mov	a,#0x0f
      000108 5A               [12]  312 	anl	a,r2
      000109 44 E0            [12]  313 	orl	a,#0xe0
      00010B FF               [12]  314 	mov	r7,a
      00010C 78r04            [12]  315 	mov	r0,#_wctomb_s_65536_39
      00010E E2               [24]  316 	movx	a,@r0
      00010F F5 82            [12]  317 	mov	dpl,a
      000111 08               [12]  318 	inc	r0
      000112 E2               [24]  319 	movx	a,@r0
      000113 F5 83            [12]  320 	mov	dph,a
      000115 08               [12]  321 	inc	r0
      000116 E2               [24]  322 	movx	a,@r0
      000117 F5 F0            [12]  323 	mov	b,a
      000119 EF               [12]  324 	mov	a,r7
      00011A 12r00r00         [24]  325 	lcall	__gptrput
                                    326 ;	wctomb.c:52: s[1] = (wc >> 6) & 0x3f  | 0x80;
      00011D 78r04            [12]  327 	mov	r0,#_wctomb_s_65536_39
      00011F E2               [24]  328 	movx	a,@r0
      000120 24 01            [12]  329 	add	a,#0x01
      000122 FD               [12]  330 	mov	r5,a
      000123 08               [12]  331 	inc	r0
      000124 E2               [24]  332 	movx	a,@r0
      000125 34 00            [12]  333 	addc	a,#0x00
      000127 FE               [12]  334 	mov	r6,a
      000128 08               [12]  335 	inc	r0
      000129 E2               [24]  336 	movx	a,@r0
      00012A FF               [12]  337 	mov	r7,a
      00012B 78r00            [12]  338 	mov	r0,#_wctomb_PARM_2
      00012D E2               [24]  339 	movx	a,@r0
      00012E FB               [12]  340 	mov	r3,a
      00012F 08               [12]  341 	inc	r0
      000130 E2               [24]  342 	movx	a,@r0
      000131 A2 E7            [12]  343 	mov	c,acc.7
      000133 CB               [12]  344 	xch	a,r3
      000134 33               [12]  345 	rlc	a
      000135 CB               [12]  346 	xch	a,r3
      000136 33               [12]  347 	rlc	a
      000137 A2 E7            [12]  348 	mov	c,acc.7
      000139 CB               [12]  349 	xch	a,r3
      00013A 33               [12]  350 	rlc	a
      00013B CB               [12]  351 	xch	a,r3
      00013C 33               [12]  352 	rlc	a
      00013D CB               [12]  353 	xch	a,r3
      00013E 54 03            [12]  354 	anl	a,#0x03
      000140 74 3F            [12]  355 	mov	a,#0x3f
      000142 5B               [12]  356 	anl	a,r3
      000143 44 80            [12]  357 	orl	a,#0x80
      000145 8D 82            [24]  358 	mov	dpl,r5
      000147 8E 83            [24]  359 	mov	dph,r6
      000149 8F F0            [24]  360 	mov	b,r7
      00014B 12r00r00         [24]  361 	lcall	__gptrput
                                    362 ;	wctomb.c:53: s[2] = (wc >> 0) & 0x3f  | 0x80;
      00014E 78r04            [12]  363 	mov	r0,#_wctomb_s_65536_39
      000150 E2               [24]  364 	movx	a,@r0
      000151 24 02            [12]  365 	add	a,#0x02
      000153 FD               [12]  366 	mov	r5,a
      000154 08               [12]  367 	inc	r0
      000155 E2               [24]  368 	movx	a,@r0
      000156 34 00            [12]  369 	addc	a,#0x00
      000158 FE               [12]  370 	mov	r6,a
      000159 08               [12]  371 	inc	r0
      00015A E2               [24]  372 	movx	a,@r0
      00015B FF               [12]  373 	mov	r7,a
      00015C 78r00            [12]  374 	mov	r0,#_wctomb_PARM_2
      00015E E2               [24]  375 	movx	a,@r0
      00015F FC               [12]  376 	mov	r4,a
      000160 74 3F            [12]  377 	mov	a,#0x3f
      000162 5C               [12]  378 	anl	a,r4
      000163 44 80            [12]  379 	orl	a,#0x80
      000165 8D 82            [24]  380 	mov	dpl,r5
      000167 8E 83            [24]  381 	mov	dph,r6
      000169 8F F0            [24]  382 	mov	b,r7
      00016B 12r00r00         [24]  383 	lcall	__gptrput
                                    384 ;	wctomb.c:54: return(3);
      00016E 90 00 03         [24]  385 	mov	dptr,#0x0003
      000171 22               [24]  386 	ret
      000172                        387 00107$:
                                    388 ;	wctomb.c:56: else if(wc < 0x110000)
      000172 78r00            [12]  389 	mov	r0,#_wctomb_PARM_2
      000174 C3               [12]  390 	clr	c
      000175 08               [12]  391 	inc	r0
      000176 08               [12]  392 	inc	r0
      000177 E2               [24]  393 	movx	a,@r0
      000178 94 11            [12]  394 	subb	a,#0x11
      00017A 08               [12]  395 	inc	r0
      00017B E2               [24]  396 	movx	a,@r0
      00017C 94 00            [12]  397 	subb	a,#0x00
      00017E 40 03            [24]  398 	jc	00155$
      000180 02r02r3F         [24]  399 	ljmp	00104$
      000183                        400 00155$:
                                    401 ;	wctomb.c:58: s[0] = (wc >> 18) & 0x07 | 0xf0;
      000183 78r02            [12]  402 	mov	r0,#(_wctomb_PARM_2 + 2)
      000185 E2               [24]  403 	movx	a,@r0
      000186 FC               [12]  404 	mov	r4,a
      000187 08               [12]  405 	inc	r0
      000188 E2               [24]  406 	movx	a,@r0
      000189 C3               [12]  407 	clr	c
      00018A 13               [12]  408 	rrc	a
      00018B CC               [12]  409 	xch	a,r4
      00018C 13               [12]  410 	rrc	a
      00018D CC               [12]  411 	xch	a,r4
      00018E C3               [12]  412 	clr	c
      00018F 13               [12]  413 	rrc	a
      000190 CC               [12]  414 	xch	a,r4
      000191 13               [12]  415 	rrc	a
      000192 CC               [12]  416 	xch	a,r4
      000193 E4               [12]  417 	clr	a
      000194 74 07            [12]  418 	mov	a,#0x07
      000196 5C               [12]  419 	anl	a,r4
      000197 44 F0            [12]  420 	orl	a,#0xf0
      000199 FF               [12]  421 	mov	r7,a
      00019A 78r04            [12]  422 	mov	r0,#_wctomb_s_65536_39
      00019C E2               [24]  423 	movx	a,@r0
      00019D F5 82            [12]  424 	mov	dpl,a
      00019F 08               [12]  425 	inc	r0
      0001A0 E2               [24]  426 	movx	a,@r0
      0001A1 F5 83            [12]  427 	mov	dph,a
      0001A3 08               [12]  428 	inc	r0
      0001A4 E2               [24]  429 	movx	a,@r0
      0001A5 F5 F0            [12]  430 	mov	b,a
      0001A7 EF               [12]  431 	mov	a,r7
      0001A8 12r00r00         [24]  432 	lcall	__gptrput
                                    433 ;	wctomb.c:59: s[1] = (wc >> 12) & 0x3f | 0x80;
      0001AB 78r04            [12]  434 	mov	r0,#_wctomb_s_65536_39
      0001AD E2               [24]  435 	movx	a,@r0
      0001AE 24 01            [12]  436 	add	a,#0x01
      0001B0 F5*00            [12]  437 	mov	_wctomb_sloc0_1_0,a
      0001B2 08               [12]  438 	inc	r0
      0001B3 E2               [24]  439 	movx	a,@r0
      0001B4 34 00            [12]  440 	addc	a,#0x00
      0001B6 F5*01            [12]  441 	mov	(_wctomb_sloc0_1_0 + 1),a
      0001B8 08               [12]  442 	inc	r0
      0001B9 E2               [24]  443 	movx	a,@r0
      0001BA F5*02            [12]  444 	mov	(_wctomb_sloc0_1_0 + 2),a
      0001BC 78r01            [12]  445 	mov	r0,#(_wctomb_PARM_2 + 1)
      0001BE E2               [24]  446 	movx	a,@r0
      0001BF FA               [12]  447 	mov	r2,a
      0001C0 08               [12]  448 	inc	r0
      0001C1 E2               [24]  449 	movx	a,@r0
      0001C2 C4               [12]  450 	swap	a
      0001C3 CA               [12]  451 	xch	a,r2
      0001C4 C4               [12]  452 	swap	a
      0001C5 54 0F            [12]  453 	anl	a,#0x0f
      0001C7 6A               [12]  454 	xrl	a,r2
      0001C8 CA               [12]  455 	xch	a,r2
      0001C9 54 0F            [12]  456 	anl	a,#0x0f
      0001CB CA               [12]  457 	xch	a,r2
      0001CC 6A               [12]  458 	xrl	a,r2
      0001CD CA               [12]  459 	xch	a,r2
      0001CE FB               [12]  460 	mov	r3,a
      0001CF 08               [12]  461 	inc	r0
      0001D0 E2               [24]  462 	movx	a,@r0
      0001D1 C4               [12]  463 	swap	a
      0001D2 54 F0            [12]  464 	anl	a,#0xf0
      0001D4 4B               [12]  465 	orl	a,r3
      0001D5 E2               [24]  466 	movx	a,@r0
      0001D6 C4               [12]  467 	swap	a
      0001D7 54 0F            [12]  468 	anl	a,#0x0f
      0001D9 74 3F            [12]  469 	mov	a,#0x3f
      0001DB 5A               [12]  470 	anl	a,r2
      0001DC 44 80            [12]  471 	orl	a,#0x80
      0001DE 85*00 82         [24]  472 	mov	dpl,_wctomb_sloc0_1_0
      0001E1 85*01 83         [24]  473 	mov	dph,(_wctomb_sloc0_1_0 + 1)
      0001E4 85*02 F0         [24]  474 	mov	b,(_wctomb_sloc0_1_0 + 2)
      0001E7 12r00r00         [24]  475 	lcall	__gptrput
                                    476 ;	wctomb.c:60: s[2] = (wc >> 6) & 0x3f  | 0x80;
      0001EA 78r04            [12]  477 	mov	r0,#_wctomb_s_65536_39
      0001EC E2               [24]  478 	movx	a,@r0
      0001ED 24 02            [12]  479 	add	a,#0x02
      0001EF FD               [12]  480 	mov	r5,a
      0001F0 08               [12]  481 	inc	r0
      0001F1 E2               [24]  482 	movx	a,@r0
      0001F2 34 00            [12]  483 	addc	a,#0x00
      0001F4 FE               [12]  484 	mov	r6,a
      0001F5 08               [12]  485 	inc	r0
      0001F6 E2               [24]  486 	movx	a,@r0
      0001F7 FF               [12]  487 	mov	r7,a
      0001F8 78r00            [12]  488 	mov	r0,#_wctomb_PARM_2
      0001FA E2               [24]  489 	movx	a,@r0
      0001FB FB               [12]  490 	mov	r3,a
      0001FC 08               [12]  491 	inc	r0
      0001FD E2               [24]  492 	movx	a,@r0
      0001FE A2 E7            [12]  493 	mov	c,acc.7
      000200 CB               [12]  494 	xch	a,r3
      000201 33               [12]  495 	rlc	a
      000202 CB               [12]  496 	xch	a,r3
      000203 33               [12]  497 	rlc	a
      000204 A2 E7            [12]  498 	mov	c,acc.7
      000206 CB               [12]  499 	xch	a,r3
      000207 33               [12]  500 	rlc	a
      000208 CB               [12]  501 	xch	a,r3
      000209 33               [12]  502 	rlc	a
      00020A CB               [12]  503 	xch	a,r3
      00020B 54 03            [12]  504 	anl	a,#0x03
      00020D 74 3F            [12]  505 	mov	a,#0x3f
      00020F 5B               [12]  506 	anl	a,r3
      000210 44 80            [12]  507 	orl	a,#0x80
      000212 8D 82            [24]  508 	mov	dpl,r5
      000214 8E 83            [24]  509 	mov	dph,r6
      000216 8F F0            [24]  510 	mov	b,r7
      000218 12r00r00         [24]  511 	lcall	__gptrput
                                    512 ;	wctomb.c:61: s[3] = (wc >> 0) & 0x3f  | 0x80;
      00021B 78r04            [12]  513 	mov	r0,#_wctomb_s_65536_39
      00021D E2               [24]  514 	movx	a,@r0
      00021E 24 03            [12]  515 	add	a,#0x03
      000220 FD               [12]  516 	mov	r5,a
      000221 08               [12]  517 	inc	r0
      000222 E2               [24]  518 	movx	a,@r0
      000223 34 00            [12]  519 	addc	a,#0x00
      000225 FE               [12]  520 	mov	r6,a
      000226 08               [12]  521 	inc	r0
      000227 E2               [24]  522 	movx	a,@r0
      000228 FF               [12]  523 	mov	r7,a
      000229 78r00            [12]  524 	mov	r0,#_wctomb_PARM_2
      00022B E2               [24]  525 	movx	a,@r0
      00022C FC               [12]  526 	mov	r4,a
      00022D 74 3F            [12]  527 	mov	a,#0x3f
      00022F 5C               [12]  528 	anl	a,r4
      000230 44 80            [12]  529 	orl	a,#0x80
      000232 8D 82            [24]  530 	mov	dpl,r5
      000234 8E 83            [24]  531 	mov	dph,r6
      000236 8F F0            [24]  532 	mov	b,r7
      000238 12r00r00         [24]  533 	lcall	__gptrput
                                    534 ;	wctomb.c:62: return(4);
      00023B 90 00 04         [24]  535 	mov	dptr,#0x0004
      00023E 22               [24]  536 	ret
      00023F                        537 00104$:
                                    538 ;	wctomb.c:65: return(-1);
      00023F 90 FF FF         [24]  539 	mov	dptr,#0xffff
                                    540 ;	wctomb.c:66: }
      000242 22               [24]  541 	ret
                                    542 	.area CSEG    (CODE)
                                    543 	.area CONST   (CODE)
                                    544 	.area XINIT   (CODE)
                                    545 	.area CABS    (ABS,CODE)
